#> :w
#> :wait textDocument/publishDiagnostics

proc bamboo() = discard

bamboo() #[
  ^ :CodeAction ]#

#> :wait TextChanged
